CHANGE_SUMMARY: Deterministic response for testing | inputs=1

